// Jest Snapshot v1, https://goo.gl/fbAQLP

exports[`Check the list renders it should match the snapshot 1`] = `
<ul
  className="a-list a-list--tick a-list--tick-secondary a-list--tick-secondary-on-dark a-list--bold"
>
  <li>
    Car policy
  </li>
  <li>
    Home policy
  </li>
  <li>
    Bike policy
  </li>
  <li>
    Van policy
  </li>
  <li>
    Multicar policy
  </li>
  <li>
    YouDrive policy
  </li>
</ul>
`;
