// Jest Snapshot v1, https://goo.gl/fbAQLP

exports[`Check the alert renders it should match the snapshot 1`] = `
<input
  autoComplete="on"
  autoFocus={false}
  className="a-input"
  defaultValue="123456789"
  disabled={false}
  id="someId"
  length=""
  max=""
  maxLength=""
  min=""
  multiple={false}
  name="someName"
  placeholder="This is placeholder text"
  readOnly={false}
  required={false}
  size=""
  step=""
  type="text"
/>
`;
