// Jest Snapshot v1, https://goo.gl/fbAQLP

exports[`Check the drawer renders it should match the snapshot 1`] = `
<div
  className="m-drawer__wrap m-drawer__wrap--show"
>
  <div
    className="m-drawer__background"
  />
  <div
    className="m-drawer"
  >
    <div
      className="m-drawer__container"
    >
      <div
        className="m-drawer__header"
      >
        <div>
          <span
            className="a-icon m-drawer__icon a-icon--rounded"
            style={
              Object {
                "backgroundColor": undefined,
                "borderColor": "#60759e",
                "borderWidth": 1.7999999999999998,
                "height": 36,
                "width": 36,
              }
            }
          />
        </div>
      </div>
      <div
        className="m-drawer__content"
      >
        Overlay content
      </div>
    </div>
  </div>
</div>
`;
