// Jest Snapshot v1, https://goo.gl/fbAQLP

exports[`Check the panel renders it should match the snapshot 1`] = `
<div
  className="m-panel m-panel--dark m-panel--centered-content"
>
  <div
    className="m-panel__header"
  >
    <h1
      className="a-header"
    >
      This is a panel title with centered content
    </h1>
  </div>
  <div
    className="m-panel__body"
  >
    <p>
      Lorem ipsum dolor sit amet, consectetur adipiscing elit, sed do eiusmod tempor incididunt ut labore et dolore magna aliqua. Ut enim ad minim veniam, quis nostrud exercitation ullamco laboris nisi ut aliquip ex ea commodo consequat.
    </p>
    <p>
      Lorem ipsum dolor sit amet, consectetur adipiscing elit, sed do eiusmod tempor incididunt ut labore et dolore magna aliqua. Ut enim ad minim veniam, quis nostrud exercitation ullamco laboris nisi ut aliquip ex ea commodo consequat.
    </p>
  </div>
  <div
    className="m-panel__footer"
  >
    <button
      className="a-btn a-btn--primary"
      type="button"
    >
      A panel button
    </button>
  </div>
</div>
`;
