// Jest Snapshot v1, https://goo.gl/fbAQLP

exports[`Check the overlay renders it should match the snapshot 1`] = `
<div
  className="m-overlay__wrap m-overlay__wrap--show"
>
  <div
    className="m-overlay__background"
    onClick={[Function]}
  />
  <div
    className="m-overlay"
  >
    <div
      className="m-overlay__container"
    >
      <div
        className="m-overlay__header"
      >
        <div>
          <span
            className="a-icon m-overlay__icon a-icon--rounded"
            onClick={[Function]}
            style={
              Object {
                "backgroundColor": undefined,
                "borderColor": "#60759e",
                "borderWidth": 1.7999999999999998,
                "height": 36,
                "width": 36,
              }
            }
          />
        </div>
      </div>
      <div
        className="m-overlay__content"
      >
        Overlay content
      </div>
    </div>
  </div>
</div>
`;
